// Jest Snapshot v1, https://goo.gl/fbAQLP

exports[`GwiTable renders 1`] = `
<div>
  <h4>
    General Wage Increase (GWI)
  </h4>
  <div>
    <span
      class="me-2"
    >
      Effective
    </span>
    <select
      class="gwiNth"
      name="nth"
    >
      <option
        value="1"
      >
        1st
      </option>
      <option
        value="2"
      >
        2nd
      </option>
      <option
        value="3"
      >
        3rd
      </option>
      <option
        value="4"
      >
        4th
      </option>
    </select>
    <select
      class="gwiDayOfWeek"
      name="dayOfWeek"
    >
      <option
        value="1"
      >
        Monday
      </option>
      <option
        value="2"
      >
        Tuesday
      </option>
      <option
        value="3"
      >
        Wednesday
      </option>
      <option
        value="4"
      >
        Thursday
      </option>
      <option
        value="5"
      >
        Friday
      </option>
      <option
        selected=""
        value="6"
      >
        Saturday
      </option>
      <option
        value="7"
      >
        Sunday
      </option>
    </select>
    <span
      class="mx-1"
    >
      of
    </span>
    <select
      class="gwiMonth"
      name="month"
    >
      <option
        value="1"
      >
        Jan
      </option>
      <option
        value="2"
      >
        Feb
      </option>
      <option
        value="3"
      >
        Mar
      </option>
      <option
        selected=""
        value="4"
      >
        Apr
      </option>
      <option
        value="5"
      >
        May
      </option>
      <option
        value="6"
      >
        Jun
      </option>
      <option
        value="7"
      >
        Jul
      </option>
      <option
        value="8"
      >
        Aug
      </option>
      <option
        value="9"
      >
        Sep
      </option>
      <option
        value="10"
      >
        Oct
      </option>
      <option
        value="11"
      >
        Nov
      </option>
      <option
        value="12"
      >
        Dec
      </option>
    </select>
  </div>
  <table
    class="table table-sm gwiTable"
  >
    <thead>
      <tr>
        <th
          scope="row"
        >
          Year
        </th>
        <th
          scope="col"
        >
          2018
        </th>
        <th
          scope="col"
        >
          2019
        </th>
        <th
          scope="col"
        >
          2020
        </th>
        <th
          scope="col"
        >
          2021
        </th>
        <th
          scope="col"
        >
          2022
        </th>
      </tr>
    </thead>
    <tbody>
      <tr
        class="rowPercent"
      >
        <th
          scope="row"
        >
          Percent
        </th>
        <td>
          <input
            type="text"
            value="3.5"
          />
          %
        </td>
        <td>
          <input
            type="text"
            value="3"
          />
          %
        </td>
        <td>
          <input
            type="text"
            value="3"
          />
          %
        </td>
        <td>
          <input
            type="text"
            value="2.5"
          />
          %
        </td>
        <td>
          <input
            type="text"
            value="2.5"
          />
          %
        </td>
      </tr>
      <tr
        class="rowBonus"
      >
        <th
          scope="row"
        >
          Bonus
        </th>
        <td>
          <input
            type="text"
            value="3500"
          />
        </td>
        <td>
          <input
            type="text"
            value="0"
          />
        </td>
        <td>
          <input
            type="text"
            value="0"
          />
        </td>
        <td>
          <input
            type="text"
            value="0"
          />
        </td>
        <td>
          <input
            type="text"
            value="0"
          />
        </td>
      </tr>
    </tbody>
  </table>
</div>
`;
