// Jest Snapshot v1, https://goo.gl/fbAQLP

exports[`Vacation renders 1`] = `
<div>
  <h4>
    Vacation
  </h4>
  <table
    class="table table-sm table-striped vacationTable"
  >
    <thead>
      <tr>
        <th
          scope="col"
        >
          Years of Service
        </th>
        <th
          scope="col"
        >
          Hours
        </th>
      </tr>
    </thead>
    <tbody>
      <tr>
        <td>
          <input
            type="text"
            value="0"
          />
          -
          <input
            type="text"
            value="5"
          />
        </td>
        <td>
          <input
            type="text"
            value="120"
          />
        </td>
      </tr>
      <tr>
        <td>
          <input
            type="text"
            value="6"
          />
          -
          <input
            type="text"
            value="10"
          />
        </td>
        <td>
          <input
            type="text"
            value="150"
          />
        </td>
      </tr>
      <tr>
        <td>
          <input
            type="text"
            value="11"
          />
          -
          <input
            type="text"
            value="19"
          />
        </td>
        <td>
          <input
            type="text"
            value="180"
          />
        </td>
      </tr>
      <tr>
        <td>
          <input
            type="text"
            value="20"
          />
          -
          <input
            type="text"
            value="20"
          />
        </td>
        <td>
          <input
            type="text"
            value="200"
          />
        </td>
      </tr>
    </tbody>
  </table>
</div>
`;
